# stage 2 comparison
# 2026-10-04 22:15:39
# C:\Users\garre\PycharmProjects\GraphRAG-Causal\.venv\Scripts\python.exe C:\Users\garre\PycharmProjects\GraphRAG-Causal\data\compare_extractions.py --baseline C:\Users\garre\PycharmProjects\GraphRAG-Causal\data\hfacs_results.pre-run.20261004-000515.bak.csv --candidate C:\Users\garre\PycharmProjects\GraphRAG-Causal\data\pilot_gemma4.csv


scope: NTSB only   baseline n=1013   candidate n=150

tier                      baseline  candidate    delta
------------------------------------------------------
PRECONDITIONS
  operator_mental           67.8%     70.0%    +2.2%
  operator_physical          2.1%      3.3%    +1.3%
  operator_limits            6.2%      4.7%    -1.6%
  personnel_crm             65.6%     58.7%    -7.0%
  personnel_readiness       14.4%     10.7%    -3.7%
  situational_tech          19.8%     23.3%    +3.5%
UNSAFE ACTS
  unsafe_skill              28.7%     32.7%    +3.9%
  unsafe_decision           70.9%     70.0%    -0.9%
  unsafe_perception         13.3%      8.0%    -5.3%
  unsafe_violation           7.0%      6.0%    -1.0%
------------------------------------------------------
  ZERO preconditions         0.4%      0.0%    -0.4%
  mean precond tiers/rec     1.76      1.71    -0.05

