Device: cpu | conditions: C1, C2, C3, C4, C5 | fewshot_k=15 | seeds=[0, 1, 2, 3, 4] | class-balanced losses

====================================================================
C1: Original LSTM, no RAG
====================================================================
  seed 0: trained (47s)
  seed 1: trained (48s)
  seed 2: trained (45s)
  seed 3: trained (44s)
  seed 4: trained (43s)

====================================================================
C2: Semantic RAG (Strategy A)   [strategy=faiss]
====================================================================
WARNING:root:RAG: Neo4j unavailable (Couldn't connect to localhost:7687 (resolved to ('[::1]:7687', '127.0.0.1:7687')):
Failed to establish connection to ResolvedIPv6Address(('::1', 7687, 0, 0)) (reason [WinError 10061] No connection could be made because the target machine actively refused it)
Failed to establish connection to ResolvedIPv4Address(('127.0.0.1', 7687)) (reason [WinError 10061] No connection could be made because the target machine actively refused it)) — Cypher mode disabled.
Loading weights:   0%|          | 0/199 [00:00<?, ?it/s]Loading weights: 100%|##########| 199/199 [00:00<00:00, 6533.49it/s]
  Graph few-shot source: 0 KG events + 710 in-distribution train records (710 with severity, 710 voting on B/C).
  Few-shot exemplars: 709/710 records got >=1 (k=15).
  Few-shot exemplars: 100/101 records got >=1 (k=15).
  Few-shot exemplars: 201/202 records got >=1 (k=15).
  Retrieval gate [val] vote AUC: B:operator 0.832  B:personnel 0.789  B:situational 0.762  C:skill 0.835  C:decision 0.872  C:perception 0.813  C:violation 0.741  D:severity 0.938  | mean similarity 0.731, exemplars/record 14.8
  seed 0: trained (66s)
  seed 1: trained (70s)
  seed 2: trained (69s)
  seed 3: trained (71s)
  seed 4: trained (81s)

====================================================================
C3: Structural RAG (Strategy B)   [strategy=cypher]
====================================================================
WARNING:root:RAG: Neo4j unavailable (Couldn't connect to localhost:7687 (resolved to ('[::1]:7687', '127.0.0.1:7687')):
Failed to establish connection to ResolvedIPv6Address(('::1', 7687, 0, 0)) (reason [WinError 10061] No connection could be made because the target machine actively refused it)
Failed to establish connection to ResolvedIPv4Address(('127.0.0.1', 7687)) (reason [WinError 10061] No connection could be made because the target machine actively refused it)) — Cypher mode disabled.
Loading weights:   0%|          | 0/199 [00:00<?, ?it/s]Loading weights: 100%|##########| 199/199 [00:00<00:00, 6022.12it/s]
  Graph few-shot source: 0 KG events + 710 in-distribution train records (710 with severity, 710 voting on B/C).
  Few-shot exemplars: 710/710 records got >=1 (k=15).
  Few-shot exemplars: 101/101 records got >=1 (k=15).
  Few-shot exemplars: 202/202 records got >=1 (k=15).
  Retrieval gate [val] vote AUC: B:operator 0.626  B:personnel 0.572  B:situational 0.551  C:skill 0.541  C:decision 0.563  C:perception 0.553  C:violation 0.457  D:severity 0.598  | mean similarity 0.887, exemplars/record 15.0
  seed 0: trained (77s)
  seed 1: trained (69s)
  seed 2: trained (64s)
  seed 3: trained (70s)
  seed 4: trained (64s)

====================================================================
C4: Hybrid RAG (Strategy C)   [strategy=hybrid]
====================================================================
WARNING:root:RAG: Neo4j unavailable (Couldn't connect to localhost:7687 (resolved to ('[::1]:7687', '127.0.0.1:7687')):
Failed to establish connection to ResolvedIPv6Address(('::1', 7687, 0, 0)) (reason [WinError 10061] No connection could be made because the target machine actively refused it)
Failed to establish connection to ResolvedIPv4Address(('127.0.0.1', 7687)) (reason [WinError 10061] No connection could be made because the target machine actively refused it)) — Cypher mode disabled.
Loading weights:   0%|          | 0/199 [00:00<?, ?it/s]Loading weights: 100%|##########| 199/199 [00:00<00:00, 8232.48it/s]
  Graph few-shot source: 0 KG events + 710 in-distribution train records (710 with severity, 710 voting on B/C).
  Few-shot exemplars: 710/710 records got >=1 (k=15).
  Few-shot exemplars: 101/101 records got >=1 (k=15).
  Few-shot exemplars: 202/202 records got >=1 (k=15).
  Retrieval gate [val] vote AUC: B:operator 0.736  B:personnel 0.684  B:situational 0.641  C:skill 0.799  C:decision 0.777  C:perception 0.722  C:violation 0.646  D:severity 0.930  | mean similarity 0.745, exemplars/record 15.0
  seed 0: trained (73s)
  seed 1: trained (70s)
  seed 2: trained (85s)
  seed 3: trained (74s)
  seed 4: trained (81s)

====================================================================
C5: Raw RAG, no text mining   [strategy=hybrid, raw]
====================================================================
WARNING:root:RAG: Neo4j unavailable (Couldn't connect to localhost:7687 (resolved to ('[::1]:7687', '127.0.0.1:7687')):
Failed to establish connection to ResolvedIPv6Address(('::1', 7687, 0, 0)) (reason [WinError 10061] No connection could be made because the target machine actively refused it)
Failed to establish connection to ResolvedIPv4Address(('127.0.0.1', 7687)) (reason [WinError 10061] No connection could be made because the target machine actively refused it)) — Cypher mode disabled.
Loading weights:   0%|          | 0/199 [00:00<?, ?it/s]Loading weights: 100%|##########| 199/199 [00:00<00:00, 5320.65it/s]
  Graph few-shot source: 0 KG events + 710 in-distribution train records (710 with severity, 0 voting on B/C) [raw mode: no factor labels].
  Few-shot exemplars: 710/710 records got >=1 (k=15).
  Few-shot exemplars: 101/101 records got >=1 (k=15).
  Few-shot exemplars: 202/202 records got >=1 (k=15).
  Retrieval gate [val] vote AUC: B:operator 0.500  B:personnel 0.500  B:situational 0.500  C:skill 0.500  C:decision 0.500  C:perception 0.500  C:violation 0.500  D:severity 0.930  | mean similarity 0.745, exemplars/record 15.0
  seed 0: trained (66s)
  seed 1: trained (66s)
  seed 2: trained (68s)
  seed 3: trained (69s)
  seed 4: trained (64s)

====================================================================
  C1  trained   Original LSTM, no RAG
  C2  trained   Semantic RAG (Strategy A)
  C3  trained   Structural RAG (Strategy B)
  C4  trained   Hybrid RAG (Strategy C)
  C5  trained   Raw RAG, no text mining

Next:  python models/lstm/eval_conditions.py
